[+] Containers:
 |- [+] Container: /Temp/Untitled_105
 |   |- [+] ActorDescs:
 |   |   |- Guid:95CFA807411B478C638A679F2692ED20 BaseClass: NativeClass:/Script/Engine.WorldDataLayers Name:WorldDataLayers Label:None SpatiallyLoaded:0 Bounds:Invalid RuntimeGrid:None EditorOnly:0 RuntimeOnly:0 HLODRelevant:0 ListedInSceneOutliner:1 IsMainWorldOnly:1
 |   |- [+] Clusters:
 |   |   |- [+] [  0]
 |   |   |   |- Guid:95CFA807411B478C638A679F2692ED20 BaseClass: NativeClass:/Script/Engine.WorldDataLayers Name:WorldDataLayers Label:None SpatiallyLoaded:0 Bounds:Invalid RuntimeGrid:None EditorOnly:0 RuntimeOnly:0 HLODRelevant:0 ListedInSceneOutliner:1 IsMainWorldOnly:1
 |- ContainerInstances:
 |- [+] MainContainer:
 |   |-        ID: 00000000000000000000000000000000
 |   |-  ParentID: 00000000000000000000000000000000
 |   |-    Bounds: IsValid=false, Min=(X=0.000 Y=0.000 Z=0.000), Max=(X=0.000 Y=0.000 Z=0.000)
 |   |- Transform: 0.000000,0.000000,0.000000|0.000000,0.000000,-0.000000|1.000000,1.000000,1.000000
 |   |- Container: /Temp/Untitled_105
----------------------------------------------------------------------------------------------------------------
Untitled - Persistent Level
----------------------------------------------------------------------------------------------------------------
[+] Content of Untitled Persistent Level
 |- Always loaded Actor Count: 1 
 |- Actor Path: /Temp/Untitled_105.Untitled:PersistentLevel.WorldDataLayers
 |- Actor Package: /Temp/__ExternalActors__/Untitled_105/1/O6/ZII6ZXT0U8EFRDEQQPTMH8

----------------------------------------------------------------------------------------------------------------
Untitled - Runtime Hash Set
----------------------------------------------------------------------------------------------------------------

